[2025-07-06T02:34:01.411+0000][1][gc,init] CardTable entry size: 512
[2025-07-06T02:34:01.415+0000][1][gc     ] Using G1
[2025-07-06T02:34:01.421+0000][1][gc,init] Version: 23.0.2+7 (release)
[2025-07-06T02:34:01.421+0000][1][gc,init] CPUs: 6 total, 6 available
[2025-07-06T02:34:01.422+0000][1][gc,init] Memory: 7904M
[2025-07-06T02:34:01.422+0000][1][gc,init] Large Page Support: Disabled
[2025-07-06T02:34:01.422+0000][1][gc,init] NUMA Support: Disabled
[2025-07-06T02:34:01.422+0000][1][gc,init] Compressed Oops: Enabled (32-bit)
[2025-07-06T02:34:01.422+0000][1][gc,init] Heap Region Size: 1M
[2025-07-06T02:34:01.422+0000][1][gc,init] Heap Min Capacity: 1G
[2025-07-06T02:34:01.423+0000][1][gc,init] Heap Initial Capacity: 1G
[2025-07-06T02:34:01.423+0000][1][gc,init] Heap Max Capacity: 1G
[2025-07-06T02:34:01.423+0000][1][gc,init] Pre-touch: Disabled
[2025-07-06T02:34:01.423+0000][1][gc,init] Parallel Workers: 6
[2025-07-06T02:34:01.423+0000][1][gc,init] Concurrent Workers: 2
[2025-07-06T02:34:01.423+0000][1][gc,init] Concurrent Refinement Workers: 6
[2025-07-06T02:34:01.423+0000][1][gc,init] Periodic GC: Disabled
[2025-07-06T02:34:01.423+0000][1][gc,metaspace] CDS archive(s) not mapped
[2025-07-06T02:34:01.424+0000][1][gc,metaspace] Compressed class space mapped at: 0x0000000062000000-0x00000000a2000000, reserved size: 1073741824
[2025-07-06T02:34:01.424+0000][1][gc,metaspace] Narrow klass base: 0x0000000000000000, Narrow klass shift: 0, Narrow klass range: 0xa2000000
[2025-07-06T02:34:02.040+0000][1][gc,start    ] GC(0) Pause Young (Concurrent Start) (Metadata GC Threshold)
[2025-07-06T02:34:02.041+0000][1][gc,task     ] GC(0) Using 6 workers of 6 for evacuation
[2025-07-06T02:34:02.041+0000][1][gc,age      ] GC(0) Desired survivor size 3670016 bytes, new threshold 15 (max threshold 15)
[2025-07-06T02:34:02.046+0000][1][gc,phases   ] GC(0)   Pre Evacuate Collection Set: 0.27ms
[2025-07-06T02:34:02.046+0000][1][gc,phases   ] GC(0)   Merge Heap Roots: 0.11ms
[2025-07-06T02:34:02.046+0000][1][gc,phases   ] GC(0)   Evacuate Collection Set: 3.47ms
[2025-07-06T02:34:02.047+0000][1][gc,phases   ] GC(0)   Post Evacuate Collection Set: 0.75ms
[2025-07-06T02:34:02.047+0000][1][gc,phases   ] GC(0)   Other: 1.39ms
[2025-07-06T02:34:02.047+0000][1][gc,age      ] GC(0) Age table:
[2025-07-06T02:34:02.047+0000][1][gc,age      ] GC(0) - age   1:    7178368 bytes,    7178368 total
[2025-07-06T02:34:02.047+0000][1][gc,heap     ] GC(0) Eden regions: 38->0(44)
[2025-07-06T02:34:02.048+0000][1][gc,heap     ] GC(0) Survivor regions: 0->7(7)
[2025-07-06T02:34:02.048+0000][1][gc,heap     ] GC(0) Old regions: 0->1
[2025-07-06T02:34:02.048+0000][1][gc,heap     ] GC(0) Humongous regions: 4->4
[2025-07-06T02:34:02.048+0000][1][gc,metaspace] GC(0) Metaspace: 21277K(21504K)->21277K(21504K) NonClass: 18975K(19072K)->18975K(19072K) Class: 2302K(2432K)->2302K(2432K)
[2025-07-06T02:34:02.048+0000][1][gc          ] GC(0) Pause Young (Concurrent Start) (Metadata GC Threshold) 42M->11M(1024M) 8.723ms
[2025-07-06T02:34:02.048+0000][1][gc,cpu      ] GC(0) User=0.02s Sys=0.01s Real=0.01s
[2025-07-06T02:34:02.048+0000][1][gc          ] GC(1) Concurrent Mark Cycle
[2025-07-06T02:34:02.049+0000][1][safepoint   ] Safepoint "CollectForMetadataAllocation", Time since last: 605625000 ns, Reaching safepoint: 2108 ns, At safepoint: 9100849 ns, Total: 9102957 ns
[2025-07-06T02:34:02.049+0000][1][gc,marking  ] GC(1) Concurrent Scan Root Regions
[2025-07-06T02:34:02.050+0000][1][gc,marking  ] GC(1) Concurrent Scan Root Regions 1.426ms
[2025-07-06T02:34:02.050+0000][1][gc,marking  ] GC(1) Concurrent Mark
[2025-07-06T02:34:02.050+0000][1][gc,marking  ] GC(1) Concurrent Mark From Roots
[2025-07-06T02:34:02.051+0000][1][gc,task     ] GC(1) Using 2 workers of 2 for marking
[2025-07-06T02:34:02.051+0000][1][gc,marking  ] GC(1) Concurrent Mark From Roots 0.755ms
[2025-07-06T02:34:02.051+0000][1][gc,marking  ] GC(1) Concurrent Preclean
[2025-07-06T02:34:02.052+0000][1][gc,marking  ] GC(1) Concurrent Preclean 0.172ms
[2025-07-06T02:34:02.052+0000][1][gc,start    ] GC(1) Pause Remark
[2025-07-06T02:34:02.053+0000][1][gc          ] GC(1) Pause Remark 12M->12M(1024M) 1.521ms
[2025-07-06T02:34:02.054+0000][1][gc,cpu      ] GC(1) User=0.00s Sys=0.00s Real=0.00s
[2025-07-06T02:34:02.054+0000][1][safepoint   ] Safepoint "G1PauseRemark", Time since last: 3183674 ns, Reaching safepoint: 78375 ns, At safepoint: 1952317 ns, Total: 2030692 ns
[2025-07-06T02:34:02.054+0000][1][gc,marking  ] GC(1) Concurrent Mark 3.642ms
[2025-07-06T02:34:02.054+0000][1][gc,marking  ] GC(1) Concurrent Rebuild Remembered Sets and Scrub Regions
[2025-07-06T02:34:02.055+0000][1][gc,marking  ] GC(1) Concurrent Rebuild Remembered Sets and Scrub Regions 0.471ms
[2025-07-06T02:34:02.055+0000][1][gc,start    ] GC(1) Pause Cleanup
[2025-07-06T02:34:02.055+0000][1][gc          ] GC(1) Pause Cleanup 12M->12M(1024M) 0.170ms
[2025-07-06T02:34:02.055+0000][1][gc,cpu      ] GC(1) User=0.00s Sys=0.00s Real=0.00s
[2025-07-06T02:34:02.055+0000][1][safepoint   ] Safepoint "G1PauseCleanup", Time since last: 931425 ns, Reaching safepoint: 108075 ns, At safepoint: 476666 ns, Total: 584741 ns
[2025-07-06T02:34:02.056+0000][1][gc,marking  ] GC(1) Concurrent Clear Claimed Marks
[2025-07-06T02:34:02.056+0000][1][gc,marking  ] GC(1) Concurrent Clear Claimed Marks 0.115ms
[2025-07-06T02:34:02.056+0000][1][gc,marking  ] GC(1) Concurrent Cleanup for Next Mark
[2025-07-06T02:34:02.058+0000][1][gc,marking  ] GC(1) Concurrent Cleanup for Next Mark 2.310ms
[2025-07-06T02:34:02.058+0000][1][gc          ] GC(1) Concurrent Mark Cycle 9.978ms
[2025-07-06T02:34:02.424+0000][1][gc,start    ] GC(2) Pause Young (Normal) (G1 Evacuation Pause)
[2025-07-06T02:34:02.425+0000][1][gc,task     ] GC(2) Using 6 workers of 6 for evacuation
[2025-07-06T02:34:02.425+0000][1][gc,age      ] GC(2) Desired survivor size 3670016 bytes, new threshold 1 (max threshold 15)
[2025-07-06T02:34:02.430+0000][1][gc,phases   ] GC(2)   Pre Evacuate Collection Set: 0.26ms
[2025-07-06T02:34:02.431+0000][1][gc,phases   ] GC(2)   Merge Heap Roots: 0.07ms
[2025-07-06T02:34:02.431+0000][1][gc,phases   ] GC(2)   Evacuate Collection Set: 4.20ms
[2025-07-06T02:34:02.431+0000][1][gc,phases   ] GC(2)   Post Evacuate Collection Set: 0.65ms
[2025-07-06T02:34:02.431+0000][1][gc,phases   ] GC(2)   Other: 0.47ms
[2025-07-06T02:34:02.431+0000][1][gc,age      ] GC(2) Age table:
[2025-07-06T02:34:02.432+0000][1][gc,age      ] GC(2) - age   1:    1603872 bytes,    1603872 total
[2025-07-06T02:34:02.432+0000][1][gc,heap     ] GC(2) Eden regions: 44->0(51)
[2025-07-06T02:34:02.432+0000][1][gc,heap     ] GC(2) Survivor regions: 7->2(7)
[2025-07-06T02:34:02.432+0000][1][gc,heap     ] GC(2) Old regions: 1->8
[2025-07-06T02:34:02.432+0000][1][gc,heap     ] GC(2) Humongous regions: 4->4
[2025-07-06T02:34:02.433+0000][1][gc,metaspace] GC(2) Metaspace: 28957K(29376K)->28957K(29376K) NonClass: 25731K(25984K)->25731K(25984K) Class: 3226K(3392K)->3226K(3392K)
[2025-07-06T02:34:02.433+0000][1][gc          ] GC(2) Pause Young (Normal) (G1 Evacuation Pause) 55M->13M(1024M) 8.310ms
[2025-07-06T02:34:02.433+0000][1][gc,cpu      ] GC(2) User=0.04s Sys=0.00s Real=0.01s
[2025-07-06T02:34:02.433+0000][1][safepoint   ] Safepoint "G1CollectForAllocation", Time since last: 369022363 ns, Reaching safepoint: 2842 ns, At safepoint: 8584215 ns, Total: 8587057 ns
[2025-07-06T02:34:02.683+0000][1][gc,start    ] GC(3) Pause Young (Concurrent Start) (Metadata GC Threshold)
[2025-07-06T02:34:02.683+0000][1][gc,task     ] GC(3) Using 6 workers of 6 for evacuation
[2025-07-06T02:34:02.684+0000][1][gc,age      ] GC(3) Desired survivor size 3670016 bytes, new threshold 15 (max threshold 15)
[2025-07-06T02:34:02.686+0000][1][gc,phases   ] GC(3)   Pre Evacuate Collection Set: 0.29ms
[2025-07-06T02:34:02.686+0000][1][gc,phases   ] GC(3)   Merge Heap Roots: 0.08ms
[2025-07-06T02:34:02.687+0000][1][gc,phases   ] GC(3)   Evacuate Collection Set: 1.42ms
[2025-07-06T02:34:02.687+0000][1][gc,phases   ] GC(3)   Post Evacuate Collection Set: 0.49ms
[2025-07-06T02:34:02.687+0000][1][gc,phases   ] GC(3)   Other: 0.52ms
[2025-07-06T02:34:02.687+0000][1][gc,age      ] GC(3) Age table:
[2025-07-06T02:34:02.687+0000][1][gc,age      ] GC(3) - age   1:    1212688 bytes,    1212688 total
[2025-07-06T02:34:02.687+0000][1][gc,age      ] GC(3) - age   2:    1557568 bytes,    2770256 total
[2025-07-06T02:34:02.687+0000][1][gc,heap     ] GC(3) Eden regions: 44->0(88)
[2025-07-06T02:34:02.687+0000][1][gc,heap     ] GC(3) Survivor regions: 2->3(7)
[2025-07-06T02:34:02.687+0000][1][gc,heap     ] GC(3) Old regions: 8->8
[2025-07-06T02:34:02.688+0000][1][gc,heap     ] GC(3) Humongous regions: 4->4
[2025-07-06T02:34:02.688+0000][1][gc,metaspace] GC(3) Metaspace: 35754K(36096K)->35754K(36096K) NonClass: 31813K(32000K)->31813K(32000K) Class: 3941K(4096K)->3941K(4096K)
[2025-07-06T02:34:02.688+0000][1][gc          ] GC(3) Pause Young (Concurrent Start) (Metadata GC Threshold) 57M->14M(1024M) 4.667ms
[2025-07-06T02:34:02.688+0000][1][gc,cpu      ] GC(3) User=0.01s Sys=0.00s Real=0.00s
[2025-07-06T02:34:02.688+0000][1][gc          ] GC(4) Concurrent Mark Cycle
[2025-07-06T02:34:02.688+0000][1][safepoint   ] Safepoint "CollectForMetadataAllocation", Time since last: 250078461 ns, Reaching safepoint: 3116 ns, At safepoint: 4991067 ns, Total: 4994183 ns
[2025-07-06T02:34:02.688+0000][1][gc,marking  ] GC(4) Concurrent Scan Root Regions
[2025-07-06T02:34:02.690+0000][1][gc,marking  ] GC(4) Concurrent Scan Root Regions 1.338ms
[2025-07-06T02:34:02.690+0000][1][gc,marking  ] GC(4) Concurrent Mark
[2025-07-06T02:34:02.690+0000][1][gc,marking  ] GC(4) Concurrent Mark From Roots
[2025-07-06T02:34:02.690+0000][1][gc,task     ] GC(4) Using 2 workers of 2 for marking
[2025-07-06T02:34:02.693+0000][1][gc,marking  ] GC(4) Concurrent Mark From Roots 2.818ms
[2025-07-06T02:34:02.693+0000][1][gc,marking  ] GC(4) Concurrent Preclean
[2025-07-06T02:34:02.693+0000][1][gc,marking  ] GC(4) Concurrent Preclean 0.138ms
[2025-07-06T02:34:02.693+0000][1][gc,start    ] GC(4) Pause Remark
[2025-07-06T02:34:02.695+0000][1][gc          ] GC(4) Pause Remark 14M->14M(1024M) 1.837ms
[2025-07-06T02:34:02.695+0000][1][gc,cpu      ] GC(4) User=0.00s Sys=0.00s Real=0.00s
[2025-07-06T02:34:02.696+0000][1][safepoint   ] Safepoint "G1PauseRemark", Time since last: 5208591 ns, Reaching safepoint: 74983 ns, At safepoint: 2352716 ns, Total: 2427699 ns
[2025-07-06T02:34:02.696+0000][1][gc,marking  ] GC(4) Concurrent Mark 6.139ms
[2025-07-06T02:34:02.696+0000][1][gc,marking  ] GC(4) Concurrent Rebuild Remembered Sets and Scrub Regions
[2025-07-06T02:34:02.697+0000][1][gc,marking  ] GC(4) Concurrent Rebuild Remembered Sets and Scrub Regions 1.210ms
[2025-07-06T02:34:02.698+0000][1][gc,start    ] GC(4) Pause Cleanup
[2025-07-06T02:34:02.698+0000][1][gc          ] GC(4) Pause Cleanup 14M->14M(1024M) 0.231ms
[2025-07-06T02:34:02.698+0000][1][gc,cpu      ] GC(4) User=0.00s Sys=0.00s Real=0.00s
[2025-07-06T02:34:02.699+0000][1][safepoint   ] Safepoint "G1PauseCleanup", Time since last: 1961575 ns, Reaching safepoint: 76358 ns, At safepoint: 753042 ns, Total: 829400 ns
[2025-07-06T02:34:02.699+0000][1][gc,marking  ] GC(4) Concurrent Clear Claimed Marks
[2025-07-06T02:34:02.699+0000][1][gc,marking  ] GC(4) Concurrent Clear Claimed Marks 0.186ms
[2025-07-06T02:34:02.699+0000][1][gc,marking  ] GC(4) Concurrent Cleanup for Next Mark
[2025-07-06T02:34:02.700+0000][1][gc,marking  ] GC(4) Concurrent Cleanup for Next Mark 1.022ms
[2025-07-06T02:34:02.700+0000][1][gc          ] GC(4) Concurrent Mark Cycle 12.410ms
[2025-07-06T02:34:06.033+0000][1][gc,start    ] GC(5) Pause Young (Prepare Mixed) (G1 Evacuation Pause)
[2025-07-06T02:34:06.033+0000][1][gc,task     ] GC(5) Using 6 workers of 6 for evacuation
[2025-07-06T02:34:06.033+0000][1][gc,age      ] GC(5) Desired survivor size 6291456 bytes, new threshold 15 (max threshold 15)
[2025-07-06T02:34:06.037+0000][1][gc,phases   ] GC(5)   Pre Evacuate Collection Set: 0.20ms
[2025-07-06T02:34:06.037+0000][1][gc,phases   ] GC(5)   Merge Heap Roots: 0.08ms
[2025-07-06T02:34:06.037+0000][1][gc,phases   ] GC(5)   Evacuate Collection Set: 2.85ms
[2025-07-06T02:34:06.038+0000][1][gc,phases   ] GC(5)   Post Evacuate Collection Set: 0.75ms
[2025-07-06T02:34:06.038+0000][1][gc,phases   ] GC(5)   Other: 0.23ms
[2025-07-06T02:34:06.038+0000][1][gc,age      ] GC(5) Age table:
[2025-07-06T02:34:06.038+0000][1][gc,age      ] GC(5) - age   1:    2223232 bytes,    2223232 total
[2025-07-06T02:34:06.038+0000][1][gc,age      ] GC(5) - age   2:    1184040 bytes,    3407272 total
[2025-07-06T02:34:06.038+0000][1][gc,age      ] GC(5) - age   3:    1556952 bytes,    4964224 total
[2025-07-06T02:34:06.038+0000][1][gc,heap     ] GC(5) Eden regions: 88->0(87)
[2025-07-06T02:34:06.038+0000][1][gc,heap     ] GC(5) Survivor regions: 3->6(12)
[2025-07-06T02:34:06.038+0000][1][gc,heap     ] GC(5) Old regions: 8->8
[2025-07-06T02:34:06.038+0000][1][gc,heap     ] GC(5) Humongous regions: 4->4
[2025-07-06T02:34:06.039+0000][1][gc,metaspace] GC(5) Metaspace: 36139K(36608K)->36139K(36608K) NonClass: 32164K(32448K)->32164K(32448K) Class: 3975K(4160K)->3975K(4160K)
[2025-07-06T02:34:06.039+0000][1][gc          ] GC(5) Pause Young (Prepare Mixed) (G1 Evacuation Pause) 102M->16M(1024M) 6.079ms
[2025-07-06T02:34:06.039+0000][1][gc,cpu      ] GC(5) User=0.02s Sys=0.00s Real=0.00s
[2025-07-06T02:34:06.039+0000][1][safepoint   ] Safepoint "G1CollectForAllocation", Time since last: 404229050 ns, Reaching safepoint: 4583 ns, At safepoint: 6297774 ns, Total: 6302357 ns
[2025-07-06T02:34:06.123+0000][1][gc,start    ] GC(6) Pause Young (Mixed) (G1 Evacuation Pause)
[2025-07-06T02:34:06.123+0000][1][gc,task     ] GC(6) Using 6 workers of 6 for evacuation
[2025-07-06T02:34:06.123+0000][1][gc,age      ] GC(6) Desired survivor size 6291456 bytes, new threshold 15 (max threshold 15)
[2025-07-06T02:34:06.128+0000][1][gc,phases   ] GC(6)   Pre Evacuate Collection Set: 0.22ms
[2025-07-06T02:34:06.129+0000][1][gc,phases   ] GC(6)   Merge Heap Roots: 0.09ms
[2025-07-06T02:34:06.129+0000][1][gc,phases   ] GC(6)   Evacuate Collection Set: 3.77ms
[2025-07-06T02:34:06.129+0000][1][gc,phases   ] GC(6)   Post Evacuate Collection Set: 0.73ms
[2025-07-06T02:34:06.129+0000][1][gc,phases   ] GC(6)   Other: 0.29ms
[2025-07-06T02:34:06.129+0000][1][gc,age      ] GC(6) Age table:
[2025-07-06T02:34:06.129+0000][1][gc,age      ] GC(6) - age   1:    4803760 bytes,    4803760 total
[2025-07-06T02:34:06.129+0000][1][gc,age      ] GC(6) - age   2:     175624 bytes,    4979384 total
[2025-07-06T02:34:06.129+0000][1][gc,age      ] GC(6) - age   3:    1184008 bytes,    6163392 total
[2025-07-06T02:34:06.130+0000][1][gc,age      ] GC(6) - age   4:    1556952 bytes,    7720344 total
[2025-07-06T02:34:06.130+0000][1][gc,heap     ] GC(6) Eden regions: 87->0(104)
[2025-07-06T02:34:06.130+0000][1][gc,heap     ] GC(6) Survivor regions: 6->8(12)
[2025-07-06T02:34:06.130+0000][1][gc,heap     ] GC(6) Old regions: 8->8
[2025-07-06T02:34:06.130+0000][1][gc,heap     ] GC(6) Humongous regions: 4->4
[2025-07-06T02:34:06.130+0000][1][gc,metaspace] GC(6) Metaspace: 36182K(36608K)->36182K(36608K) NonClass: 32204K(32448K)->32204K(32448K) Class: 3977K(4160K)->3977K(4160K)
[2025-07-06T02:34:06.130+0000][1][gc          ] GC(6) Pause Young (Mixed) (G1 Evacuation Pause) 103M->19M(1024M) 7.409ms
[2025-07-06T02:34:06.131+0000][1][gc,cpu      ] GC(6) User=0.03s Sys=0.01s Real=0.00s
[2025-07-06T02:34:06.131+0000][1][safepoint   ] Safepoint "G1CollectForAllocation", Time since last: 84191240 ns, Reaching safepoint: 4766 ns, At safepoint: 7770491 ns, Total: 7775257 ns
[2025-07-06T02:34:06.999+0000][1][gc,start    ] GC(7) Pause Young (Normal) (G1 Evacuation Pause)
[2025-07-06T02:34:06.999+0000][1][gc,task     ] GC(7) Using 6 workers of 6 for evacuation
[2025-07-06T02:34:07.000+0000][1][gc,age      ] GC(7) Desired survivor size 7340032 bytes, new threshold 4 (max threshold 15)
[2025-07-06T02:34:07.007+0000][1][gc,phases   ] GC(7)   Pre Evacuate Collection Set: 0.18ms
[2025-07-06T02:34:07.007+0000][1][gc,phases   ] GC(7)   Merge Heap Roots: 0.14ms
[2025-07-06T02:34:07.007+0000][1][gc,phases   ] GC(7)   Evacuate Collection Set: 5.15ms
[2025-07-06T02:34:07.007+0000][1][gc,phases   ] GC(7)   Post Evacuate Collection Set: 1.15ms
[2025-07-06T02:34:07.008+0000][1][gc,phases   ] GC(7)   Other: 0.50ms
[2025-07-06T02:34:07.008+0000][1][gc,age      ] GC(7) Age table:
[2025-07-06T02:34:07.008+0000][1][gc,age      ] GC(7) - age   1:    5704088 bytes,    5704088 total
[2025-07-06T02:34:07.008+0000][1][gc,age      ] GC(7) - age   2:     105072 bytes,    5809160 total
[2025-07-06T02:34:07.009+0000][1][gc,age      ] GC(7) - age   3:     170720 bytes,    5979880 total
[2025-07-06T02:34:07.009+0000][1][gc,age      ] GC(7) - age   4:    1162992 bytes,    7142872 total
[2025-07-06T02:34:07.009+0000][1][gc,heap     ] GC(7) Eden regions: 104->0(134)
[2025-07-06T02:34:07.009+0000][1][gc,heap     ] GC(7) Survivor regions: 8->8(14)
[2025-07-06T02:34:07.009+0000][1][gc,heap     ] GC(7) Old regions: 8->9
[2025-07-06T02:34:07.009+0000][1][gc,heap     ] GC(7) Humongous regions: 4->4
[2025-07-06T02:34:07.010+0000][1][gc,metaspace] GC(7) Metaspace: 53501K(54080K)->53501K(54080K) NonClass: 46526K(46848K)->46526K(46848K) Class: 6975K(7232K)->6975K(7232K)
[2025-07-06T02:34:07.010+0000][1][gc          ] GC(7) Pause Young (Normal) (G1 Evacuation Pause) 123M->20M(1024M) 10.671ms
[2025-07-06T02:34:07.010+0000][1][gc,cpu      ] GC(7) User=0.02s Sys=0.01s Real=0.01s
[2025-07-06T02:34:07.010+0000][1][safepoint   ] Safepoint "G1CollectForAllocation", Time since last: 868343742 ns, Reaching safepoint: 3759 ns, At safepoint: 11051148 ns, Total: 11054907 ns
[2025-07-06T02:34:07.284+0000][1][gc,start    ] GC(8) Pause Young (Concurrent Start) (Metadata GC Threshold)
[2025-07-06T02:34:07.284+0000][1][gc,task     ] GC(8) Using 6 workers of 6 for evacuation
[2025-07-06T02:34:07.284+0000][1][gc,age      ] GC(8) Desired survivor size 9437184 bytes, new threshold 15 (max threshold 15)
[2025-07-06T02:34:07.290+0000][1][gc,phases   ] GC(8)   Pre Evacuate Collection Set: 0.28ms
[2025-07-06T02:34:07.290+0000][1][gc,phases   ] GC(8)   Merge Heap Roots: 0.10ms
[2025-07-06T02:34:07.290+0000][1][gc,phases   ] GC(8)   Evacuate Collection Set: 3.94ms
[2025-07-06T02:34:07.290+0000][1][gc,phases   ] GC(8)   Post Evacuate Collection Set: 0.73ms
[2025-07-06T02:34:07.290+0000][1][gc,phases   ] GC(8)   Other: 0.42ms
[2025-07-06T02:34:07.290+0000][1][gc,age      ] GC(8) Age table:
[2025-07-06T02:34:07.291+0000][1][gc,age      ] GC(8) - age   1:    2339240 bytes,    2339240 total
[2025-07-06T02:34:07.291+0000][1][gc,age      ] GC(8) - age   2:    5330920 bytes,    7670160 total
[2025-07-06T02:34:07.291+0000][1][gc,age      ] GC(8) - age   3:     105008 bytes,    7775168 total
[2025-07-06T02:34:07.291+0000][1][gc,age      ] GC(8) - age   4:     170376 bytes,    7945544 total
[2025-07-06T02:34:07.291+0000][1][gc,age      ] GC(8) - age   5:    1159792 bytes,    9105336 total
[2025-07-06T02:34:07.292+0000][1][gc,heap     ] GC(8) Eden regions: 23->0(209)
[2025-07-06T02:34:07.292+0000][1][gc,heap     ] GC(8) Survivor regions: 8->10(18)
[2025-07-06T02:34:07.292+0000][1][gc,heap     ] GC(8) Old regions: 9->9
[2025-07-06T02:34:07.292+0000][1][gc,heap     ] GC(8) Humongous regions: 4->4
[2025-07-06T02:34:07.292+0000][1][gc,metaspace] GC(8) Metaspace: 59709K(60288K)->59709K(60288K) NonClass: 51771K(52096K)->51771K(52096K) Class: 7937K(8192K)->7937K(8192K)
[2025-07-06T02:34:07.292+0000][1][gc          ] GC(8) Pause Young (Concurrent Start) (Metadata GC Threshold) 43M->22M(1024M) 8.679ms
[2025-07-06T02:34:07.293+0000][1][gc,cpu      ] GC(8) User=0.04s Sys=0.00s Real=0.01s
[2025-07-06T02:34:07.293+0000][1][gc          ] GC(9) Concurrent Mark Cycle
[2025-07-06T02:34:07.293+0000][1][gc,marking  ] GC(9) Concurrent Scan Root Regions
[2025-07-06T02:34:07.293+0000][1][safepoint   ] Safepoint "CollectForMetadataAllocation", Time since last: 273571066 ns, Reaching safepoint: 3850 ns, At safepoint: 9075549 ns, Total: 9079399 ns
[2025-07-06T02:34:07.296+0000][1][gc,marking  ] GC(9) Concurrent Scan Root Regions 2.762ms
[2025-07-06T02:34:07.296+0000][1][gc,marking  ] GC(9) Concurrent Mark
[2025-07-06T02:34:07.296+0000][1][gc,marking  ] GC(9) Concurrent Mark From Roots
[2025-07-06T02:34:07.296+0000][1][gc,task     ] GC(9) Using 2 workers of 2 for marking
[2025-07-06T02:34:07.300+0000][1][gc,marking  ] GC(9) Concurrent Mark From Roots 4.041ms
[2025-07-06T02:34:07.300+0000][1][gc,marking  ] GC(9) Concurrent Preclean
[2025-07-06T02:34:07.301+0000][1][gc,marking  ] GC(9) Concurrent Preclean 0.297ms
[2025-07-06T02:34:07.301+0000][1][gc,start    ] GC(9) Pause Remark
[2025-07-06T02:34:07.304+0000][1][gc          ] GC(9) Pause Remark 23M->23M(1024M) 2.535ms
[2025-07-06T02:34:07.304+0000][1][gc,cpu      ] GC(9) User=0.02s Sys=0.00s Real=0.01s
[2025-07-06T02:34:07.304+0000][1][safepoint   ] Safepoint "G1PauseRemark", Time since last: 8131749 ns, Reaching safepoint: 82592 ns, At safepoint: 2934983 ns, Total: 3017575 ns
[2025-07-06T02:34:07.304+0000][1][gc,marking  ] GC(9) Concurrent Mark 8.198ms
[2025-07-06T02:34:07.304+0000][1][gc,marking  ] GC(9) Concurrent Rebuild Remembered Sets and Scrub Regions
[2025-07-06T02:34:07.306+0000][1][gc,marking  ] GC(9) Concurrent Rebuild Remembered Sets and Scrub Regions 1.700ms
[2025-07-06T02:34:07.306+0000][1][gc,start    ] GC(9) Pause Cleanup
[2025-07-06T02:34:07.306+0000][1][gc          ] GC(9) Pause Cleanup 23M->23M(1024M) 0.219ms
[2025-07-06T02:34:07.307+0000][1][gc,cpu      ] GC(9) User=0.00s Sys=0.00s Real=0.00s
[2025-07-06T02:34:07.307+0000][1][safepoint   ] Safepoint "G1PauseCleanup", Time since last: 2168191 ns, Reaching safepoint: 4675 ns, At safepoint: 549450 ns, Total: 554125 ns
[2025-07-06T02:34:07.307+0000][1][gc,marking  ] GC(9) Concurrent Clear Claimed Marks
[2025-07-06T02:34:07.307+0000][1][gc,marking  ] GC(9) Concurrent Clear Claimed Marks 0.173ms
[2025-07-06T02:34:07.307+0000][1][gc,marking  ] GC(9) Concurrent Cleanup for Next Mark
[2025-07-06T02:34:07.308+0000][1][gc,marking  ] GC(9) Concurrent Cleanup for Next Mark 0.903ms
[2025-07-06T02:34:07.308+0000][1][gc          ] GC(9) Concurrent Mark Cycle 15.771ms
[2025-07-06T02:34:44.253+0000][1][gc,start    ] GC(10) Pause Young (Prepare Mixed) (G1 Evacuation Pause)
[2025-07-06T02:34:44.253+0000][1][gc,task     ] GC(10) Using 6 workers of 6 for evacuation
[2025-07-06T02:34:44.254+0000][1][gc,age      ] GC(10) Desired survivor size 14680064 bytes, new threshold 15 (max threshold 15)
[2025-07-06T02:34:44.268+0000][1][gc,phases   ] GC(10)   Pre Evacuate Collection Set: 0.27ms
[2025-07-06T02:34:44.269+0000][1][gc,phases   ] GC(10)   Merge Heap Roots: 0.11ms
[2025-07-06T02:34:44.269+0000][1][gc,phases   ] GC(10)   Evacuate Collection Set: 12.09ms
[2025-07-06T02:34:44.269+0000][1][gc,phases   ] GC(10)   Post Evacuate Collection Set: 2.02ms
[2025-07-06T02:34:44.269+0000][1][gc,phases   ] GC(10)   Other: 0.50ms
[2025-07-06T02:34:44.269+0000][1][gc,age      ] GC(10) Age table:
[2025-07-06T02:34:44.270+0000][1][gc,age      ] GC(10) - age   1:   11128400 bytes,   11128400 total
[2025-07-06T02:34:44.270+0000][1][gc,age      ] GC(10) - age   2:    2270912 bytes,   13399312 total
[2025-07-06T02:34:44.270+0000][1][gc,age      ] GC(10) - age   3:    5173128 bytes,   18572440 total
[2025-07-06T02:34:44.270+0000][1][gc,age      ] GC(10) - age   4:     102744 bytes,   18675184 total
[2025-07-06T02:34:44.270+0000][1][gc,age      ] GC(10) - age   5:     169768 bytes,   18844952 total
[2025-07-06T02:34:44.270+0000][1][gc,age      ] GC(10) - age   6:    1151384 bytes,   19996336 total
[2025-07-06T02:34:44.270+0000][1][gc,heap     ] GC(10) Eden regions: 209->0(177)
[2025-07-06T02:34:44.270+0000][1][gc,heap     ] GC(10) Survivor regions: 10->21(28)
[2025-07-06T02:34:44.270+0000][1][gc,heap     ] GC(10) Old regions: 9->9
[2025-07-06T02:34:44.271+0000][1][gc,heap     ] GC(10) Humongous regions: 31->4
[2025-07-06T02:34:44.271+0000][1][gc,metaspace] GC(10) Metaspace: 83298K(84544K)->83298K(84544K) NonClass: 72264K(72960K)->72264K(72960K) Class: 11033K(11584K)->11033K(11584K)
[2025-07-06T02:34:44.271+0000][1][gc          ] GC(10) Pause Young (Prepare Mixed) (G1 Evacuation Pause) 258M->33M(1024M) 17.686ms
[2025-07-06T02:34:44.271+0000][1][gc,cpu      ] GC(10) User=0.06s Sys=0.01s Real=0.01s
[2025-07-06T02:34:44.271+0000][1][safepoint   ] Safepoint "G1CollectForAllocation", Time since last: 34016420895 ns, Reaching safepoint: 112566 ns, At safepoint: 18170440 ns, Total: 18283006 ns
